// Jest Snapshot v1, https://goo.gl/fbAQLP

exports[`ForecastDetails renders 1`] = `
<DocumentFragment>
  <div
    class="forecast-details"
    data-testid="forecast-details"
  >
    <div
      class="forecast-details__date"
    >
      Mon 30th Apr
    </div>
    <div
      class="forecast-details__temperature"
    >
      Max temp: 22°C
    </div>
    <div
      class="forecast-details__temperature"
    >
      Min temp: 12°C
    </div>
    <div
      class="forecast-details__humidity"
      data-testid="forecast-icon"
    >
      Humidity: 30%
    </div>
    <div
      class="forecast-details__wind"
    >
      Wind speed: 10mph
    </div>
    <div
      class="forecast-details__direction"
    >
      Wind direction: S
    </div>
  </div>
</DocumentFragment>
`;
