// Jest Snapshot v1, https://goo.gl/fbAQLP

exports[`ForecastSummary renders correctly 1`] = `
<DocumentFragment>
  <div
    class="forecast-summary"
    data-testid="forecast-summary"
  >
    <div
      class="forecast-summary__date"
    >
      1111111
    </div>
    <div
      class="forecast-summary__description"
    >
      stubDescription
    </div>
    <div
      class="forecast-summary__icon"
      data-testid="forecast-icon"
    >
      <i
        class="wi wi-day-thunderstorm"
        name="owm"
      />
    </div>
    <div
      class="forecast-summary__temperature"
    >
      24Â°C
    </div>
  </div>
</DocumentFragment>
`;
